// Jest Snapshot v1, https://goo.gl/fbAQLP

exports[`matches snapshot 1`] = `
<span
  className="sc-AxjAm khGDyj"
>
  1min. 0segs.
</span>
`;
