// Jest Snapshot v1, https://goo.gl/fbAQLP

exports[`matches snapshot 1`] = `
<span
  className="sc-AxjAm khGDyj"
>
  Question: 
  3
  /
  30
</span>
`;
